******************************************************************************
                  TI ARM Linker PC v5.1.5                      
******************************************************************************
>> Linked Sat Aug 16 01:30:33 2014

OUTPUT FILE NAME:   <tm4c_confTimer0_test.out>
ENTRY POINT SYMBOL: "_c_int00"  address: 0000078d


MEMORY CONFIGURATION

         name            origin    length      used     unused   attr    fill
----------------------  --------  ---------  --------  --------  ----  --------
  FLASH                 00000000   00040000  00000ab8  0003f548  R  X
  SRAM                  20000000   00008000  00000214  00007dec  RW X


SEGMENT ALLOCATION MAP

run origin  load origin   length   init length attrs members
----------  ----------- ---------- ----------- ----- -------
00000000    00000000    00000ab8   00000ab8    r-x
  00000000    00000000    0000026c   0000026c    r-- .intvecs
  0000026c    0000026c    00000720   00000720    r-x .text
  0000098c    0000098c    0000010c   0000010c    r-- .const
  00000a98    00000a98    00000020   00000020    r-- .cinit
20000000    20000000    00000214   00000000    rw-
  20000000    20000000    00000200   00000000    rw- .stack
  20000200    20000200    00000014   00000000    rw- .data


SECTION ALLOCATION MAP

 output                                  attributes/
section   page    origin      length       input sections
--------  ----  ----------  ----------   ----------------
.intvecs   0    00000000    0000026c     
                  00000000    0000026c     tm4c123gh6pm_startup_ccs.obj (.intvecs)

.init_array 
*          0    00000000    00000000     UNINITIALIZED

.text      0    0000026c    00000720     
                  0000026c    00000130     driverlib.lib : gpio.obj (.text:GPIOPadConfigSet)
                  0000039c    00000104                   : sysctl.obj (.text:SysCtlClockSet)
                  000004a0    000000a0     main.obj (.text)
                  00000540    0000009c     rtsv7M4_T_le_v4SPD16_eabi.lib : memcpy_t2.obj (.text)
                  000005dc    00000094                                   : auto_init.obj (.text)
                  00000670    00000060     driverlib.lib : interrupt.obj (.text:IntEnable)
                  000006d0    0000005e     rtsv7M4_T_le_v4SPD16_eabi.lib : copy_decompress_rle.obj (.text)
                  0000072e    00000002     --HOLE-- [fill = 0]
                  00000730    0000005c     driverlib.lib : timer.obj (.text:TimerConfigure)
                  0000078c    00000048     rtsv7M4_T_le_v4SPD16_eabi.lib : boot.obj (.text)
                  000007d4    00000044                                   : cpy_tbl.obj (.text)
                  00000818    00000044                                   : exit.obj (.text)
                  0000085c    00000034     driverlib.lib : sysctl.obj (.text:SysCtlPeripheralEnable)
                  00000890    0000002a                   : gpio.obj (.text:GPIODirModeSet)
                  000008ba    00000002     --HOLE-- [fill = 0]
                  000008bc    00000024                   : interrupt.obj (.text:IntPrioritySet)
                  000008e0    00000018                   : gpio.obj (.text:GPIOPinTypeGPIOOutput)
                  000008f8    00000018     rtsv7M4_T_le_v4SPD16_eabi.lib : args_main.obj (.text)
                  00000910    00000014                                   : _lock.obj (.text)
                  00000924    00000012     driverlib.lib : timer.obj (.text:TimerLoadSet)
                  00000936    0000000e                   : timer.obj (.text:TimerEnable)
                  00000944    0000000e     rtsv7M4_T_le_v4SPD16_eabi.lib : copy_decompress_none.obj (.text:decompress:none)
                  00000952    0000000c     driverlib.lib : cpu.obj (.text:CPUcpsie)
                  0000095e    0000000c     tm4c123gh6pm_startup_ccs.obj (.text)
                  0000096a    0000000a     driverlib.lib : interrupt.obj (.text:IntMasterEnable)
                  00000974    00000008                   : timer.obj (.text:TimerIntEnable)
                  0000097c    00000006                   : sysctl.obj (.text:SysCtlDelay)
                  00000982    00000006     rtsv7M4_T_le_v4SPD16_eabi.lib : copy_decompress_rle.obj (.text:decompress:rle24)
                  00000988    00000004     driverlib.lib : timer.obj (.text:TimerIntClear)

.const     0    0000098c    0000010c     
                  0000098c    0000009c     driverlib.lib : interrupt.obj (.const:g_pui32Regs)
                  00000a28    00000070                   : interrupt.obj (.const)

.cinit     0    00000a98    00000020     
                  00000a98    0000000f     (.cinit..data.load) [load image, compression = rle]
                  00000aa7    00000001     --HOLE-- [fill = 0]
                  00000aa8    00000008     (__TI_handler_table)
                  00000ab0    00000008     (__TI_cinit_table)

.stack     0    20000000    00000200     UNINITIALIZED
                  20000000    00000200     --HOLE--

.data      0    20000200    00000014     UNINITIALIZED
                  20000200    00000008     rtsv7M4_T_le_v4SPD16_eabi.lib : _lock.obj (.data)
                  20000208    00000008                                   : exit.obj (.data)
                  20000210    00000004                                   : stkdepth_vars.obj (.data)


LINKER GENERATED COPY TABLES

__TI_cinit_table @ 00000ab0 records: 1, size/record: 8, table size: 8
	.data: load addr=00000a98, load size=0000000f bytes, run addr=20000200, run size=00000014 bytes, compression=rle


LINKER GENERATED HANDLER TABLE

__TI_handler_table @ 00000aa8 records: 2, size/record: 4, table size: 8
	index: 0, handler: __TI_decompress_rle24
	index: 1, handler: __TI_decompress_none


GLOBAL SYMBOLS: SORTED ALPHABETICALLY BY Name 

address    name
--------   ----
00000819   C$$EXIT
00000953   CPUcpsie
000004b9   ConfigurarLEDs
000004d1   ConfigurarTimer
00000891   GPIODirModeSet
0000026d   GPIOPadConfigSet
000008e1   GPIOPinTypeGPIOOutput
00000671   IntEnable
0000096b   IntMasterEnable
000008bd   IntPrioritySet
0000050f   Int_Timer0_Handler
0000095f   ResetISR
UNDEFED    SHT$$INIT_ARRAY$$Base
UNDEFED    SHT$$INIT_ARRAY$$Limit
0000039d   SysCtlClockSet
0000097d   SysCtlDelay
0000085d   SysCtlPeripheralEnable
00000731   TimerConfigure
00000937   TimerEnable
00000989   TimerIntClear
00000975   TimerIntEnable
00000925   TimerLoadSet
20000200   __STACK_END
00000200   __STACK_SIZE
20000200   __STACK_TOP
00000ab0   __TI_CINIT_Base
00000ab8   __TI_CINIT_Limit
00000aa8   __TI_Handler_Table_Base
00000ab0   __TI_Handler_Table_Limit
00000001   __TI_args_main
000005dd   __TI_auto_init
20000208   __TI_cleanup_ptr
00000945   __TI_decompress_none
00000983   __TI_decompress_rle24
2000020c   __TI_dtors_ptr
00000000   __TI_static_base__
00000541   __aeabi_memcpy
00000541   __aeabi_memcpy4
00000541   __aeabi_memcpy8
ffffffff   __binit__
ffffffff   __c_args__
20000000   __stack
000008f9   _args_main
0000078d   _c_int00
20000200   _lock
0000091f   _nop
00000917   _register_lock
00000911   _register_unlock
20000204   _unlock
0000081d   abort
ffffffff   binit
000007d5   copy_in
00000825   exit
00000000   g_pfnVectors
000004a1   main
20000210   main_func_sp
00000541   memcpy


GLOBAL SYMBOLS: SORTED BY Symbol Address 

address    name
--------   ----
00000000   __TI_static_base__
00000000   g_pfnVectors
00000001   __TI_args_main
00000200   __STACK_SIZE
0000026d   GPIOPadConfigSet
0000039d   SysCtlClockSet
000004a1   main
000004b9   ConfigurarLEDs
000004d1   ConfigurarTimer
0000050f   Int_Timer0_Handler
00000541   __aeabi_memcpy
00000541   __aeabi_memcpy4
00000541   __aeabi_memcpy8
00000541   memcpy
000005dd   __TI_auto_init
00000671   IntEnable
00000731   TimerConfigure
0000078d   _c_int00
000007d5   copy_in
00000819   C$$EXIT
0000081d   abort
00000825   exit
0000085d   SysCtlPeripheralEnable
00000891   GPIODirModeSet
000008bd   IntPrioritySet
000008e1   GPIOPinTypeGPIOOutput
000008f9   _args_main
00000911   _register_unlock
00000917   _register_lock
0000091f   _nop
00000925   TimerLoadSet
00000937   TimerEnable
00000945   __TI_decompress_none
00000953   CPUcpsie
0000095f   ResetISR
0000096b   IntMasterEnable
00000975   TimerIntEnable
0000097d   SysCtlDelay
00000983   __TI_decompress_rle24
00000989   TimerIntClear
00000aa8   __TI_Handler_Table_Base
00000ab0   __TI_CINIT_Base
00000ab0   __TI_Handler_Table_Limit
00000ab8   __TI_CINIT_Limit
20000000   __stack
20000200   __STACK_END
20000200   __STACK_TOP
20000200   _lock
20000204   _unlock
20000208   __TI_cleanup_ptr
2000020c   __TI_dtors_ptr
20000210   main_func_sp
ffffffff   __binit__
ffffffff   __c_args__
ffffffff   binit
UNDEFED    SHT$$INIT_ARRAY$$Base
UNDEFED    SHT$$INIT_ARRAY$$Limit

[57 symbols]
